// Jest Snapshot v1, https://goo.gl/fbAQLP

exports[`App component Header component rendered properly 1`] = `
Object {
  "asFragment": [Function],
  "baseElement": <body>
    <div>
      <header
        class="header"
      >
        <h1>
          üçé 
          <span
            class="title"
          >
            Sweet Apple Acres
          </span>
        </h1>
        <button
          class="button"
        >
          <span
            class="icon"
          >
            <img
              alt="Cart"
              src="shopping-cart-icon-48.png"
            />
          </span>
          <span>
            Your Cart
          </span>
          <span
            class="badge"
          >
            0
          </span>
        </button>
      </header>
      <div
        class="message"
      >
        Loading...
      </div>
    </div>
  </body>,
  "container": <div>
    <header
      class="header"
    >
      <h1>
        üçé 
        <span
          class="title"
        >
          Sweet Apple Acres
        </span>
      </h1>
      <button
        class="button"
      >
        <span
          class="icon"
        >
          <img
            alt="Cart"
            src="shopping-cart-icon-48.png"
          />
        </span>
        <span>
          Your Cart
        </span>
        <span
          class="badge"
        >
          0
        </span>
      </button>
    </header>
    <div
      class="message"
    >
      Loading...
    </div>
  </div>,
  "debug": [Function],
  "findAllByAltText": [Function],
  "findAllByDisplayValue": [Function],
  "findAllByLabelText": [Function],
  "findAllByPlaceholderText": [Function],
  "findAllByRole": [Function],
  "findAllByTestId": [Function],
  "findAllByText": [Function],
  "findAllByTitle": [Function],
  "findByAltText": [Function],
  "findByDisplayValue": [Function],
  "findByLabelText": [Function],
  "findByPlaceholderText": [Function],
  "findByRole": [Function],
  "findByTestId": [Function],
  "findByText": [Function],
  "findByTitle": [Function],
  "getAllByAltText": [Function],
  "getAllByDisplayValue": [Function],
  "getAllByLabelText": [Function],
  "getAllByPlaceholderText": [Function],
  "getAllByRole": [Function],
  "getAllByTestId": [Function],
  "getAllByText": [Function],
  "getAllByTitle": [Function],
  "getByAltText": [Function],
  "getByDisplayValue": [Function],
  "getByLabelText": [Function],
  "getByPlaceholderText": [Function],
  "getByRole": [Function],
  "getByTestId": [Function],
  "getByText": [Function],
  "getByTitle": [Function],
  "queryAllByAltText": [Function],
  "queryAllByDisplayValue": [Function],
  "queryAllByLabelText": [Function],
  "queryAllByPlaceholderText": [Function],
  "queryAllByRole": [Function],
  "queryAllByTestId": [Function],
  "queryAllByText": [Function],
  "queryAllByTitle": [Function],
  "queryByAltText": [Function],
  "queryByDisplayValue": [Function],
  "queryByLabelText": [Function],
  "queryByPlaceholderText": [Function],
  "queryByRole": [Function],
  "queryByTestId": [Function],
  "queryByText": [Function],
  "queryByTitle": [Function],
  "rerender": [Function],
  "unmount": [Function],
}
`;
